title,version
Matrix,1
Matrix,2
Matrix,3
Matrix,4
