title,version
Alien,1
Alien,2
Alien,3
Terminator,1
Terminator,2
Terminator,3
Avatar,1
Avatar,2
Harry Potter,1
Harry Potter,2
